// Jest Snapshot v1, https://goo.gl/fbAQLP

exports[`Main should render the heading 1`] = `
.c0 {
  display: flex;
  justify-content: center;
  align-items: center;
  height: 100%;
  width: 100%;
  background-color: #06092b;
  color: #fff;
  padding: 3rem;
  text-align: center;
  flex-direction: column;
}

.c1 {
  width: 25rem;
  margin-bottom: 2rem;
}

.c2 {
  font-size: 2.5rem;
}

.c3 {
  font-size: 2rem;
  font-weight: 400;
}

.c4 {
  margin-top: 3rem;
  width: min(30rem, 100%);
}

<main
  class="c0"
>
  <img
    alt="React image"
    class="c1"
    src="/img/logo.png"
  />
  <h1
    class="c2"
  >
    React Avan√ßado!
  </h1>
  <h2
    class="c3"
  >
    Typescript, ReactJS, NextJS e Styled Components
  </h2>
  <img
    alt="Hero image"
    class="c4"
    src="/img/hero-illustration.png"
  />
</main>
`;
